// Jest Snapshot v1, https://goo.gl/fbAQLP

exports[`it should decrement the counter correctly 1`] = `undefined`;
